---
source: tests/tui_draw_snapshots.rs
assertion_line: 128
expression: rendered
---
 │ helloDone.────────────────────────────────────────┬ Telemetry  Git │││mode: streaming · active: 0 tool · 0history: 0changed: 0repo clean──────────────────────────────────────── Prompt  focused · 0 chars › submit: / commands  @ files  ! shell   PgUp/PgDn transcript  Shift+Enter newline  Enter submittask:snap-001
