---
source: tests/tui_draw_snapshots.rs
expression: rendered
---
 │ hello ⠇ Mapping adjacent sectors...──────────────────────────────────────────────────────────────────────────────── Prompt  focused · 0 chars › submit: / commands  @ files  ! shell  task:snap-001 m:streaming ap:none hist:0     Tab step  Pg scroll  Enter  S-Enter
